[solverwp.com/demo/html/nextpage/index.html]
[backblue.gif]
[fade.gif]
[index.html]
[solverwp.com/demo/html/nextpage/assets/img/favicon.png]
[solverwp.com/demo/html/nextpage/assets/css/vendor.css]
[solverwp.com/demo/html/nextpage/assets/css/style.css]
[solverwp.com/demo/html/nextpage/assets/css/responsive.css]
[solverwp.com/demo/html/nextpage/assets/img/logo.png]
[solverwp.com/demo/html/nextpage/assets/img/add/1.png]
[solverwp.com/demo/html/nextpage/index-2.html]
[solverwp.com/demo/html/nextpage/index-3.html]
[solverwp.com/demo/html/nextpage/index-4.html]
[solverwp.com/demo/html/nextpage/cat-tech.html]
[solverwp.com/demo/html/nextpage/cat-sports.html]
[solverwp.com/demo/html/nextpage/cat-lifestyle.html]
[solverwp.com/demo/html/nextpage/cat-fashion.html]
[solverwp.com/demo/html/nextpage/cat-food.html]
[solverwp.com/demo/html/nextpage/error.html]
[solverwp.com/demo/html/nextpage/author.html]
[solverwp.com/demo/html/nextpage/blog.html]
[solverwp.com/demo/html/nextpage/blog-details.html]
[solverwp.com/demo/html/nextpage/blog-left-sidebar.html]
[solverwp.com/demo/html/nextpage/blog-details-2.html]
[solverwp.com/demo/html/nextpage/assets/img/banner/1.png]
[solverwp.com/demo/html/nextpage/assets/img/post/1.png]
[solverwp.com/demo/html/nextpage/assets/img/post/2.png]
[solverwp.com/demo/html/nextpage/assets/img/post/3.png]
[solverwp.com/demo/html/nextpage/assets/img/post/4.png]
[solverwp.com/demo/html/nextpage/assets/img/post/5.png]
[solverwp.com/demo/html/nextpage/assets/img/post/6.png]
[solverwp.com/demo/html/nextpage/assets/img/post/7.png]
[solverwp.com/demo/html/nextpage/assets/img/post/list/1.png]
[solverwp.com/demo/html/nextpage/assets/img/post/list/2.png]
[solverwp.com/demo/html/nextpage/assets/img/post/list/3.png]
[solverwp.com/demo/html/nextpage/assets/img/post/list/4.png]
[solverwp.com/demo/html/nextpage/assets/img/post/list/5.png]
[solverwp.com/demo/html/nextpage/assets/img/post/8.png]
[solverwp.com/demo/html/nextpage/assets/img/add/6.png]
[solverwp.com/demo/html/nextpage/assets/img/post/9.png]
[solverwp.com/demo/html/nextpage/assets/img/post/10.png]
[solverwp.com/demo/html/nextpage/assets/img/post/11.png]
[solverwp.com/demo/html/nextpage/assets/img/post/12.png]
[solverwp.com/demo/html/nextpage/assets/img/post/13.png]
[solverwp.com/demo/html/nextpage/assets/img/post/15.png]
[solverwp.com/demo/html/nextpage/assets/img/post/16.png]
[solverwp.com/demo/html/nextpage/assets/img/post/17.png]
[solverwp.com/demo/html/nextpage/assets/img/post/18.png]
[solverwp.com/demo/html/nextpage/assets/img/post/19.png]
[solverwp.com/demo/html/nextpage/assets/img/post/20.png]
[solverwp.com/demo/html/nextpage/assets/img/post/21.png]
[solverwp.com/demo/html/nextpage/assets/img/post/22.png]
[solverwp.com/demo/html/nextpage/assets/img/post/23.png]
[solverwp.com/demo/html/nextpage/assets/img/video/01.png]
[solverwp.com/demo/html/nextpage/assets/img/video/1.png]
[solverwp.com/demo/html/nextpage/assets/img/post/list/9.png]
[solverwp.com/demo/html/nextpage/assets/img/post/list/10.png]
[solverwp.com/demo/html/nextpage/assets/img/post/list/11.png]
[solverwp.com/demo/html/nextpage/assets/img/post/list/12.png]
[solverwp.com/demo/html/nextpage/assets/img/add/2.png]
[solverwp.com/demo/html/nextpage/assets/img/video/7.png]
[solverwp.com/cdn-cgi/scripts/5c5dd728/cloudflare-static/email-decode.min.js]
[solverwp.com/demo/html/nextpage/assets/js/vendor.js]
[solverwp.com/demo/html/nextpage/index.html]
[solverwp.com/demo/html/nextpage/assets/js/main.js]
[solverwp.com/demo/html/nextpage/assets/img/ajax-loader.gif]
[solverwp.com/demo/html/nextpage/assets/fonts/slick.3e.delayed]
[solverwp.com/demo/html/nextpage/assets/fonts/slick.3fd41d.delayed]
[solverwp.com/demo/html/nextpage/assets/fonts/slick.svg]
[solverwp.com/demo/html/nextpage/assets/css/owl.video.play.41.delayed]
[solverwp.com/demo/html/nextpage/assets/fonts/line-awesomeeb4f.eot]
[solverwp.com/demo/html/nextpage/assets/fonts/line-awesome0176.eot]
[solverwp.com/demo/html/nextpage/assets/fonts/line-awesomeeb4f.woff2]
[solverwp.com/demo/html/nextpage/assets/fonts/line-awesomeeb4f.woff]
[solverwp.com/demo/html/nextpage/assets/fonts/line-awesomeeb4f.ttf]
[solverwp.com/demo/html/nextpage/assets/fonts/line-awesomeeb4f.svg]
[solverwp.com/demo/html/nextpage/assets/fonts/fontawesome-webfont3e6e.eot]
[solverwp.com/demo/html/nextpage/assets/fonts/fontawesome-webfontd41d.eot]
[solverwp.com/demo/html/nextpage/assets/fonts/fontawesome-webfont3e6e.woff2]
[solverwp.com/demo/html/nextpage/assets/fonts/fontawesome-webfont3e6e.woff]
[solverwp.com/demo/html/nextpage/assets/fonts/fontawesome-webfont3e6e.ttf]
[solverwp.com/demo/html/nextpage/assets/css/vendor.css]
[solverwp.com/demo/html/nextpage/assets/css/style.css]
[solverwp.com/demo/html/nextpage/assets/css/responsive.css]
[solverwp.com/demo/html/nextpage/assets/fonts/fontawesome-webfont3e6e.svg]
[solverwp.com/demo/html/nextpage/assets/img/logo-2.png]
[solverwp.com/demo/html/nextpage/assets/img/post/24.png]
[solverwp.com/demo/html/nextpage/assets/img/category/9.png]
[solverwp.com/demo/html/nextpage/assets/img/category/10.png]
[solverwp.com/demo/html/nextpage/assets/img/category/11.png]
[solverwp.com/demo/html/nextpage/assets/img/category/12.png]
[solverwp.com/demo/html/nextpage/assets/img/category/13.png]
[solverwp.com/demo/html/nextpage/assets/img/category/14.png]
[solverwp.com/demo/html/nextpage/assets/img/category/15.png]
[solverwp.com/demo/html/nextpage/assets/img/category/16.png]
[solverwp.com/demo/html/nextpage/assets/img/add/3.png]
[solverwp.com/demo/html/nextpage/assets/img/post/29.png]
[solverwp.com/demo/html/nextpage/assets/img/post/25.png]
[solverwp.com/demo/html/nextpage/assets/img/post/26.png]
[solverwp.com/demo/html/nextpage/assets/img/post/27.png]
[solverwp.com/demo/html/nextpage/assets/img/post/28.png]
[solverwp.com/demo/html/nextpage/assets/img/video/2.png]
[solverwp.com/demo/html/nextpage/assets/img/video/3.png]
[solverwp.com/demo/html/nextpage/assets/img/video/4.png]
[solverwp.com/demo/html/nextpage/assets/img/video/5.png]
[solverwp.com/demo/html/nextpage/assets/img/post/30.png]
[solverwp.com/demo/html/nextpage/assets/img/post/31.png]
[solverwp.com/demo/html/nextpage/assets/img/post/32.png]
[solverwp.com/demo/html/nextpage/assets/img/post/33.png]
[solverwp.com/demo/html/nextpage/index-2.html]
[solverwp.com/demo/html/nextpage/assets/img/banner/2.png]
[solverwp.com/demo/html/nextpage/assets/img/banner/3.png]
[solverwp.com/demo/html/nextpage/assets/img/banner/4.png]
[solverwp.com/demo/html/nextpage/assets/img/banner/01.png]
[solverwp.com/demo/html/nextpage/assets/img/banner/5.png]
[solverwp.com/demo/html/nextpage/assets/img/banner/6.png]
[solverwp.com/demo/html/nextpage/assets/img/banner/7.png]
[solverwp.com/demo/html/nextpage/assets/img/add/4.png]
[solverwp.com/demo/html/nextpage/assets/img/post/34.png]
[solverwp.com/demo/html/nextpage/assets/img/post/35.png]
[solverwp.com/demo/html/nextpage/assets/img/post/36.png]
[solverwp.com/demo/html/nextpage/assets/img/post/37.png]
[solverwp.com/demo/html/nextpage/assets/img/slider/1.png]
[solverwp.com/demo/html/nextpage/assets/img/slider/2.png]
[solverwp.com/demo/html/nextpage/assets/img/slider/3.png]
[solverwp.com/demo/html/nextpage/assets/img/post/bb.png]
[solverwp.com/demo/html/nextpage/assets/img/add/5.png]
[solverwp.com/demo/html/nextpage/assets/img/category/3.png]
[solverwp.com/demo/html/nextpage/assets/img/category/4.png]
[solverwp.com/demo/html/nextpage/assets/img/category/5.png]
[solverwp.com/demo/html/nextpage/assets/img/category/6.png]
[solverwp.com/demo/html/nextpage/assets/img/video/6.png]
[solverwp.com/demo/html/nextpage/assets/img/category/7.png]
[solverwp.com/demo/html/nextpage/assets/img/category/8.png]
[solverwp.com/demo/html/nextpage/assets/img/post/cc.png]
[solverwp.com/demo/html/nextpage/assets/img/post/38.png]
[solverwp.com/demo/html/nextpage/assets/img/post/39.png]
[solverwp.com/demo/html/nextpage/assets/img/post/40.png]
[solverwp.com/demo/html/nextpage/index-3.html]
[solverwp.com/demo/html/nextpage/assets/img/logo-3.png]
[solverwp.com/demo/html/nextpage/assets/img/food/banner.png]
[solverwp.com/demo/html/nextpage/assets/img/food/f7.png]
[solverwp.com/demo/html/nextpage/assets/img/food/f8.png]
[solverwp.com/demo/html/nextpage/assets/img/food/f9.png]
[solverwp.com/demo/html/nextpage/assets/img/food/f1.png]
[solverwp.com/demo/html/nextpage/assets/img/food/1.png]
[solverwp.com/demo/html/nextpage/assets/img/food/f2.png]
[solverwp.com/demo/html/nextpage/assets/img/food/f3.png]
[solverwp.com/demo/html/nextpage/assets/img/food/f4.png]
[solverwp.com/demo/html/nextpage/assets/img/food/f5.png]
[solverwp.com/demo/html/nextpage/assets/img/food/f6.png]
[solverwp.com/demo/html/nextpage/assets/img/food/f10.png]
[solverwp.com/demo/html/nextpage/assets/img/food/f11.png]
[solverwp.com/demo/html/nextpage/assets/img/food/f12.png]
[solverwp.com/demo/html/nextpage/assets/img/food/f13.png]
[solverwp.com/demo/html/nextpage/assets/img/food/f14.png]
[solverwp.com/demo/html/nextpage/assets/img/food/f15.png]
[solverwp.com/demo/html/nextpage/assets/img/food/f16.png]
[solverwp.com/demo/html/nextpage/assets/img/food/f17.png]
[solverwp.com/demo/html/nextpage/assets/img/food/f18.png]
[solverwp.com/demo/html/nextpage/assets/img/food/f19.png]
[solverwp.com/demo/html/nextpage/assets/img/food/f20.png]
[solverwp.com/demo/html/nextpage/assets/img/food/f21.png]
[solverwp.com/demo/html/nextpage/assets/img/food/f22.png]
[solverwp.com/demo/html/nextpage/assets/img/food/f23.png]
[solverwp.com/demo/html/nextpage/assets/img/food/f24.png]
[solverwp.com/demo/html/nextpage/assets/img/food/f25.png]
[solverwp.com/demo/html/nextpage/assets/img/food/f26.png]
[solverwp.com/demo/html/nextpage/assets/img/food/f27.png]
[solverwp.com/demo/html/nextpage/assets/img/food/f28.png]
[solverwp.com/demo/html/nextpage/assets/img/food/f29.png]
[solverwp.com/demo/html/nextpage/assets/img/food/f30.png]
[solverwp.com/demo/html/nextpage/assets/img/food/f31.png]
[solverwp.com/demo/html/nextpage/assets/img/food/f32.png]
[solverwp.com/demo/html/nextpage/assets/img/food/f33.png]
[solverwp.com/demo/html/nextpage/assets/img/logo-4.png]
[solverwp.com/demo/html/nextpage/index-4.html]
[solverwp.com/demo/html/nextpage/assets/img/tech/1.png]
[solverwp.com/demo/html/nextpage/assets/img/tech/2.png]
[solverwp.com/demo/html/nextpage/assets/img/tech/3.png]
[solverwp.com/demo/html/nextpage/assets/img/tech/4.png]
[solverwp.com/demo/html/nextpage/assets/img/tech/5.png]
[solverwp.com/demo/html/nextpage/assets/img/tech/6.png]
[solverwp.com/demo/html/nextpage/assets/img/tech/7.png]
[solverwp.com/demo/html/nextpage/assets/img/tech/8.png]
[solverwp.com/demo/html/nextpage/assets/img/tech/9.png]
[solverwp.com/demo/html/nextpage/cat-tech.html]
[solverwp.com/demo/html/nextpage/assets/img/sports/1.png]
[solverwp.com/demo/html/nextpage/assets/img/sports/2.png]
[solverwp.com/demo/html/nextpage/assets/img/sports/3.png]
[solverwp.com/demo/html/nextpage/assets/img/sports/4.png]
[solverwp.com/demo/html/nextpage/assets/img/sports/5.png]
[solverwp.com/demo/html/nextpage/assets/img/sports/6.png]
[solverwp.com/demo/html/nextpage/assets/img/sports/7.png]
[solverwp.com/demo/html/nextpage/assets/img/sports/8.png]
[solverwp.com/demo/html/nextpage/assets/img/sports/9.png]
[solverwp.com/demo/html/nextpage/cat-sports.html]
[solverwp.com/demo/html/nextpage/assets/img/lifestyle/1.png]
[solverwp.com/demo/html/nextpage/assets/img/lifestyle/2.png]
[solverwp.com/demo/html/nextpage/assets/img/lifestyle/3.png]
[solverwp.com/demo/html/nextpage/assets/img/lifestyle/4.png]
[solverwp.com/demo/html/nextpage/assets/img/lifestyle/5.png]
[solverwp.com/demo/html/nextpage/assets/img/lifestyle/6.png]
[solverwp.com/demo/html/nextpage/assets/img/lifestyle/7.png]
[solverwp.com/demo/html/nextpage/assets/img/lifestyle/8.png]
[solverwp.com/demo/html/nextpage/assets/img/lifestyle/9.png]
[solverwp.com/demo/html/nextpage/cat-lifestyle.html]
[solverwp.com/demo/html/nextpage/assets/img/fashion/1.png]
[solverwp.com/demo/html/nextpage/assets/img/fashion/2.png]
[solverwp.com/demo/html/nextpage/assets/img/fashion/3.png]
[solverwp.com/demo/html/nextpage/assets/img/fashion/4.png]
[solverwp.com/demo/html/nextpage/assets/img/fashion/5.png]
[solverwp.com/demo/html/nextpage/assets/img/fashion/6.png]
[solverwp.com/demo/html/nextpage/assets/img/fashion/7.png]
[solverwp.com/demo/html/nextpage/assets/img/fashion/8.png]
[solverwp.com/demo/html/nextpage/assets/img/fashion/9.png]
[solverwp.com/demo/html/nextpage/cat-fashion.html]
[solverwp.com/demo/html/nextpage/assets/img/food/add.png]
[solverwp.com/demo/html/nextpage/cat-food.html]
[solverwp.com/demo/html/nextpage/error.html]
[solverwp.com/demo/html/nextpage/assets/img/author/4.png]
[solverwp.com/demo/html/nextpage/assets/img/post/41.png]
[solverwp.com/demo/html/nextpage/assets/img/post/42.png]
[solverwp.com/demo/html/nextpage/assets/img/post/43.png]
[solverwp.com/demo/html/nextpage/assets/img/post/44.png]
[solverwp.com/demo/html/nextpage/author.html]
[solverwp.com/demo/html/nextpage/assets/img/blog/1.png]
[solverwp.com/demo/html/nextpage/assets/img/blog/2.png]
[solverwp.com/demo/html/nextpage/assets/img/blog/01.png]
[solverwp.com/demo/html/nextpage/assets/img/blog/3.png]
[solverwp.com/demo/html/nextpage/blog.html]
[solverwp.com/demo/html/nextpage/assets/img/blog/4.png]
[solverwp.com/demo/html/nextpage/assets/img/blog/5.png]
[solverwp.com/demo/html/nextpage/assets/img/blog/6.png]
[solverwp.com/demo/html/nextpage/assets/img/blog/7.png]
[solverwp.com/demo/html/nextpage/assets/img/author/1.png]
[solverwp.com/demo/html/nextpage/assets/img/author/2.png]
[solverwp.com/demo/html/nextpage/assets/img/author/3.png]
[solverwp.com/demo/html/nextpage/blog-details.html]
[solverwp.com/demo/html/nextpage/blog-left-sidebar.html]
[solverwp.com/demo/html/nextpage/blog-details-2.html]
[solverwp.com/demo/html/nextpage/popper.js]
[solverwp.com/demo/html/nextpage/assets/js/vendor.js]
[solverwp.com/demo/html/nextpage/assets/js/main.js]
[solverwp.com/demo/html/nextpage/assets/img/ajax-loader.html]
[solverwp.com/demo/html/nextpage/assets/fonts/slick.html]
[solverwp.com/demo/html/nextpage/assets/fonts/slickd41d.html]
[solverwp.com/demo/html/nextpage/assets/fonts/slick-2.html]
[solverwp.com/demo/html/nextpage/assets/css/owl.video.play.html]
[solverwp.com/demo/html/nextpage/assets/fonts/line-awesomeeb4f.svg]
[solverwp.com/demo/html/nextpage/assets/fonts/fontawesome-webfont3e6e.svg]
[solverwp.com/demo/html/nextpage/popper.html]
